// Jest Snapshot v1, https://goo.gl/fbAQLP

exports[`Pruebas en componente App.js debe de mostrar <App/> correctamente 1`] = `
<Fragment>
  <h1>
    Hola, soy gabriel
  </h1>
  <p>
    Soy un subtitulo
  </p>
</Fragment>
`;

exports[`Pruebas en componente App.js debe de mostrar el titulo enviado por props 1`] = `
<Fragment>
  <h1>
    Hola, soy gabriel
  </h1>
  <p>
    Soy un subtitulo
  </p>
</Fragment>
`;
